[0m13:44:18.990148 [debug] [MainThread]: Sending event: {'category': 'dbt', 'action': 'invocation', 'label': 'start', 'context': [<snowplow_tracker.self_describing_json.SelfDescribingJson object at 0x000001F2E497A660>, <snowplow_tracker.self_describing_json.SelfDescribingJson object at 0x000001F2E712FED0>, <snowplow_tracker.self_describing_json.SelfDescribingJson object at 0x000001F2E712FB10>]}


============================== 13:44:19.008231 | 46a65c6f-f6cf-4a0e-a2e4-49dce5193fa7 ==============================
[0m13:44:19.008231 [info ] [MainThread]: Running with dbt=1.12.3
[0m13:44:19.011721 [debug] [MainThread]: running dbt with arguments {'version_check': 'True', 'no_print': 'None', 'static_parser': 'True', 'target_path': 'None', 'warn_error_options': 'WarnErrorOptionsV2(error=[], warn=[], silence=[])', 'maximum_seed_size_mib': '1', 'printer_width': '80', 'write_json': 'True', 'empty': 'None', 'log_cache_events': 'False', 'introspect': 'True', 'cache_selected_only': 'False', 'fail_fast': 'False', 'debug': 'False', 'log_format': 'default', 'profiles_dir': 'C:\\Users\\DELL\\.dbt', 'send_anonymous_usage_stats': 'True', 'quiet': 'False', 'warn_error': 'None', 'partial_parse': 'True', 'indirect_selection': 'eager', 'hints_enabled': 'True', 'use_colors': 'True', 'use_experimental_parser': 'False', 'invocation_command': 'dbt init Maersk', 'log_path': 'logs'}
[0m13:44:19.119881 [info ] [MainThread]: Creating dbt configuration folder at C:\Users\DELL\.dbt
[0m13:44:19.125607 [debug] [MainThread]: Starter project path: C:\Users\DELL\IFFoffshore\venv\Lib\site-packages\dbt\include\starter_project
[0m13:44:19.185326 [info ] [MainThread]: Setting up your profile.
[0m13:44:29.353147 [debug] [MainThread]: Snowflake adapter: Setting snowflake.connector to ERROR (file logging only)
[0m13:44:29.353899 [debug] [MainThread]: Snowflake adapter: Setting botocore to ERROR (file logging only)
[0m13:44:29.354476 [debug] [MainThread]: Snowflake adapter: Setting boto3 to ERROR (file logging only)
[0m13:47:02.833251 [info ] [MainThread]: Profile Maersk written to C:\Users\DELL\.dbt\profiles.yml using target's profile_template.yml and your supplied values.
[0m13:47:02.837826 [info ] [MainThread]: Running dbt debug to validate the project...
[0m13:47:02.838789 [info ] [MainThread]: dbt version: 1.12.3
[0m13:47:02.839352 [info ] [MainThread]: python version: 3.13.15
[0m13:47:02.839877 [info ] [MainThread]: python path: C:\Users\DELL\IFFoffshore\venv\Scripts\python.exe
[0m13:47:02.840419 [info ] [MainThread]: os info: Windows-11-10.0.26200-SP0
[0m13:47:02.990726 [info ] [MainThread]: Using profiles dir at C:\Users\DELL\.dbt
[0m13:47:02.991574 [info ] [MainThread]: Using profiles.yml file at C:\Users\DELL\.dbt\profiles.yml
[0m13:47:02.992304 [info ] [MainThread]: Using dbt_project.yml file at C:\Users\DELL\IFFoffshore\Maersk\dbt_project.yml
[0m13:47:02.994233 [info ] [MainThread]: adapter type: snowflake
[0m13:47:02.994894 [info ] [MainThread]: adapter version: 1.12.0
[0m13:47:03.222488 [info ] [MainThread]: Configuration:
[0m13:47:03.223321 [info ] [MainThread]:   profiles.yml file [[32mOK found and valid[0m]
[0m13:47:03.223970 [info ] [MainThread]:   dbt_project.yml file [[32mOK found and valid[0m]
[0m13:47:03.224617 [info ] [MainThread]: Required dependencies:
[0m13:47:03.225285 [debug] [MainThread]: Executing "git --help"
[0m13:47:03.303062 [debug] [MainThread]: STDOUT: "b"usage: git [-v | --version] [-h | --help] [-C <path>] [-c <name>=<value>]\n           [--exec-path[=<path>]] [--html-path] [--man-path] [--info-path]\n           [-p | --paginate | -P | --no-pager] [--no-replace-objects] [--no-lazy-fetch]\n           [--no-optional-locks] [--no-advice] [--bare] [--git-dir=<path>]\n           [--work-tree=<path>] [--namespace=<name>] [--config-env=<name>=<envvar>]\n           <command> [<args>]\n\nThese are common Git commands used in various situations:\n\nstart a working area (see also: git help tutorial)\n   clone      Clone a repository into a new directory\n   init       Create an empty Git repository or reinitialize an existing one\n\nwork on the current change (see also: git help everyday)\n   add        Add file contents to the index\n   mv         Move or rename a file, a directory, or a symlink\n   restore    Restore working tree files\n   rm         Remove files from the working tree and from the index\n\nexamine the history and state (see also: git help revisions)\n   bisect     Use binary search to find the commit that introduced a bug\n   diff       Show changes between commits, commit and working tree, etc\n   grep       Print lines matching a pattern\n   log        Show commit logs\n   show       Show various types of objects\n   status     Show the working tree status\n\ngrow, mark and tweak your common history\n   backfill   Download missing objects in a partial clone\n   branch     List, create, or delete branches\n   commit     Record changes to the repository\n   history    EXPERIMENTAL: Rewrite history\n   merge      Join two or more development histories together\n   rebase     Reapply commits on top of another base tip\n   reset      Set `HEAD` or the index to a known state\n   switch     Switch branches\n   tag        Create, list, delete or verify tags\n\ncollaborate (see also: git help workflows)\n   fetch      Download objects and refs from another repository\n   pull       Fetch from and integrate with another repository or a local branch\n   push       Update remote refs along with associated objects\n\n'git help -a' and 'git help -g' list available subcommands and some\nconcept guides. See 'git help <command>' or 'git help <concept>'\nto read about a specific subcommand or concept.\nSee 'git help git' for an overview of the system.\n""
[0m13:47:03.303771 [debug] [MainThread]: STDERR: "b''"
[0m13:47:03.304373 [info ] [MainThread]:  - git [[32mOK found[0m]

[0m13:47:03.305026 [info ] [MainThread]: Connection:
[0m13:47:03.305639 [info ] [MainThread]:   account: hi34914.ap-southeast-7.aws
[0m13:47:03.306203 [info ] [MainThread]:   user: rathna
[0m13:47:03.306769 [info ] [MainThread]:   database: HR
[0m13:47:03.307319 [info ] [MainThread]:   warehouse: COMPUTE_WH
[0m13:47:03.307911 [info ] [MainThread]:   role: ACCOUNTADMIN
[0m13:47:03.308815 [info ] [MainThread]:   schema: DBT_Surya
[0m13:47:03.310906 [info ] [MainThread]:   authenticator: None
[0m13:47:03.311853 [info ] [MainThread]:   oauth_client_id: None
[0m13:47:03.312708 [info ] [MainThread]:   query_tag: None
[0m13:47:03.313332 [info ] [MainThread]:   client_session_keep_alive: False
[0m13:47:03.313904 [info ] [MainThread]:   host: None
[0m13:47:03.314584 [info ] [MainThread]:   port: None
[0m13:47:03.315192 [info ] [MainThread]:   proxy_host: None
[0m13:47:03.315818 [info ] [MainThread]:   proxy_port: None
[0m13:47:03.316370 [info ] [MainThread]:   protocol: None
[0m13:47:03.316958 [info ] [MainThread]:   connect_retries: 1
[0m13:47:03.317576 [info ] [MainThread]:   connect_timeout: None
[0m13:47:03.318198 [info ] [MainThread]:   retry_on_database_errors: False
[0m13:47:03.318775 [info ] [MainThread]:   retry_all: False
[0m13:47:03.319319 [info ] [MainThread]:   insecure_mode: False
[0m13:47:03.319918 [info ] [MainThread]:   reuse_connections: True
[0m13:47:03.320498 [info ] [MainThread]:   s3_stage_vpce_dns_name: None
[0m13:47:03.321059 [info ] [MainThread]:   workload_identity_provider: None
[0m13:47:03.321629 [info ] [MainThread]:   workload_identity_entra_resource: None
[0m13:47:03.322208 [info ] [MainThread]:   platform_detection_timeout_seconds: 0.0
[0m13:47:03.323127 [info ] [MainThread]: Registered adapter: snowflake=1.12.0
[0m13:47:04.137714 [debug] [MainThread]: Acquiring new snowflake connection 'debug'
[0m13:47:04.142358 [debug] [MainThread]: Using snowflake connection "debug"
[0m13:47:04.143356 [debug] [MainThread]: On debug: select 1 as id
[0m13:47:04.143865 [debug] [MainThread]: Opening a new connection, currently in state init
[0m13:47:06.207228 [debug] [MainThread]: Snowflake adapter: Error running SQL: select 1 as id
[0m13:47:06.209562 [debug] [MainThread]: Snowflake adapter: Rolling back transaction.
[0m13:47:06.211969 [info ] [MainThread]:   Connection test: [[31mERROR[0m]

[0m13:47:06.215815 [info ] [MainThread]: [31m1 check failed:[0m
[0m13:47:06.217863 [info ] [MainThread]: dbt was unable to connect to the specified database.
The database returned the following error:

  >Database Error
  390100 (28000): Failed to connect to DB: hi34914.ap-southeast-7.aws.snowflakecomputing.com:443. Incorrect username or password was specified. [f464c90b-d7d6-44cc-8e23-89c3553e7024]

Check your database credentials and try again. For more information, visit:
https://docs.getdbt.com/docs/configure-your-profile


[0m13:47:06.219773 [info ] [MainThread]: Your new dbt project "Maersk" was created!
Initialized new project in C:\Users\DELL\IFFoffshore\Maersk\Maersk

For more information on how to configure the profiles.yml file,
please consult the dbt documentation here:

  https://docs.getdbt.com/docs/configure-your-profile

One more thing:

Need help? Don't hesitate to reach out to us via GitHub issues or on Slack:

  https://community.getdbt.com/

Happy modeling!

[0m13:47:06.221919 [info ] [MainThread]: [31mYour profile may need adjustments. You can find the logs of `dbt debug` above[0m
[0m13:47:06.226849 [debug] [MainThread]: Command `dbt init` succeeded at 13:47:06.226225 after 167.62 seconds
[0m13:47:06.228936 [debug] [MainThread]: Connection 'debug' was left open.
[0m13:47:06.231103 [debug] [MainThread]: On debug: No close available on handle
[0m13:47:06.232918 [debug] [MainThread]: Sending event: {'category': 'dbt', 'action': 'invocation', 'label': 'end', 'context': [<snowplow_tracker.self_describing_json.SelfDescribingJson object at 0x000001F2E8836190>, <snowplow_tracker.self_describing_json.SelfDescribingJson object at 0x000001F2E71C04D0>, <snowplow_tracker.self_describing_json.SelfDescribingJson object at 0x000001F2E8C05D00>]}
[0m13:47:06.235826 [debug] [MainThread]: Flushing usage events
[0m13:47:07.884262 [debug] [MainThread]: An error was encountered while trying to flush usage events
[0m13:47:21.996003 [debug] [MainThread]: Sending event: {'category': 'dbt', 'action': 'invocation', 'label': 'start', 'context': [<snowplow_tracker.self_describing_json.SelfDescribingJson object at 0x000001C95582A660>, <snowplow_tracker.self_describing_json.SelfDescribingJson object at 0x000001C957FDBED0>, <snowplow_tracker.self_describing_json.SelfDescribingJson object at 0x000001C957FDBB10>]}


============================== 13:47:22.002867 | 7fef7936-4aea-4c32-84b9-172c2929f907 ==============================
[0m13:47:22.002867 [info ] [MainThread]: Running with dbt=1.12.3
[0m13:47:22.003790 [debug] [MainThread]: running dbt with arguments {'static_parser': 'True', 'no_print': 'None', 'version_check': 'True', 'target_path': 'None', 'warn_error_options': 'WarnErrorOptionsV2(error=[], warn=[], silence=[])', 'maximum_seed_size_mib': '1', 'printer_width': '80', 'write_json': 'True', 'introspect': 'True', 'log_cache_events': 'False', 'empty': 'None', 'cache_selected_only': 'False', 'log_format': 'default', 'debug': 'False', 'fail_fast': 'False', 'partial_parse': 'True', 'send_anonymous_usage_stats': 'True', 'quiet': 'False', 'warn_error': 'None', 'profiles_dir': 'C:\\Users\\DELL\\.dbt', 'invocation_command': 'dbt debug', 'hints_enabled': 'True', 'indirect_selection': 'eager', 'use_experimental_parser': 'False', 'use_colors': 'True', 'log_path': 'logs'}
[0m13:47:22.047962 [info ] [MainThread]: dbt version: 1.12.3
[0m13:47:22.048847 [info ] [MainThread]: python version: 3.13.15
[0m13:47:22.049518 [info ] [MainThread]: python path: C:\Users\DELL\IFFoffshore\venv\Scripts\python.exe
[0m13:47:22.050218 [info ] [MainThread]: os info: Windows-11-10.0.26200-SP0
[0m13:47:23.065933 [debug] [MainThread]: Snowflake adapter: Setting snowflake.connector to ERROR (file logging only)
[0m13:47:23.066833 [debug] [MainThread]: Snowflake adapter: Setting botocore to ERROR (file logging only)
[0m13:47:23.067498 [debug] [MainThread]: Snowflake adapter: Setting boto3 to ERROR (file logging only)
[0m13:47:23.355140 [info ] [MainThread]: Using profiles dir at C:\Users\DELL\.dbt
[0m13:47:23.355933 [info ] [MainThread]: Using profiles.yml file at C:\Users\DELL\.dbt\profiles.yml
[0m13:47:23.356580 [info ] [MainThread]: Using dbt_project.yml file at C:\Users\DELL\IFFoffshore\dbt_project.yml
[0m13:47:23.358107 [info ] [MainThread]: adapter type: snowflake
[0m13:47:23.358722 [info ] [MainThread]: adapter version: 1.12.0
[0m13:47:23.359325 [info ] [MainThread]: Configuration:
[0m13:47:23.359867 [info ] [MainThread]:   profiles.yml file [[32mOK found and valid[0m]
[0m13:47:23.360441 [info ] [MainThread]:   dbt_project.yml file [[31mERROR not found[0m]
[0m13:47:23.361080 [info ] [MainThread]: Required dependencies:
[0m13:47:23.361746 [debug] [MainThread]: Executing "git --help"
[0m13:47:23.431545 [debug] [MainThread]: STDOUT: "b"usage: git [-v | --version] [-h | --help] [-C <path>] [-c <name>=<value>]\n           [--exec-path[=<path>]] [--html-path] [--man-path] [--info-path]\n           [-p | --paginate | -P | --no-pager] [--no-replace-objects] [--no-lazy-fetch]\n           [--no-optional-locks] [--no-advice] [--bare] [--git-dir=<path>]\n           [--work-tree=<path>] [--namespace=<name>] [--config-env=<name>=<envvar>]\n           <command> [<args>]\n\nThese are common Git commands used in various situations:\n\nstart a working area (see also: git help tutorial)\n   clone      Clone a repository into a new directory\n   init       Create an empty Git repository or reinitialize an existing one\n\nwork on the current change (see also: git help everyday)\n   add        Add file contents to the index\n   mv         Move or rename a file, a directory, or a symlink\n   restore    Restore working tree files\n   rm         Remove files from the working tree and from the index\n\nexamine the history and state (see also: git help revisions)\n   bisect     Use binary search to find the commit that introduced a bug\n   diff       Show changes between commits, commit and working tree, etc\n   grep       Print lines matching a pattern\n   log        Show commit logs\n   show       Show various types of objects\n   status     Show the working tree status\n\ngrow, mark and tweak your common history\n   backfill   Download missing objects in a partial clone\n   branch     List, create, or delete branches\n   commit     Record changes to the repository\n   history    EXPERIMENTAL: Rewrite history\n   merge      Join two or more development histories together\n   rebase     Reapply commits on top of another base tip\n   reset      Set `HEAD` or the index to a known state\n   switch     Switch branches\n   tag        Create, list, delete or verify tags\n\ncollaborate (see also: git help workflows)\n   fetch      Download objects and refs from another repository\n   pull       Fetch from and integrate with another repository or a local branch\n   push       Update remote refs along with associated objects\n\n'git help -a' and 'git help -g' list available subcommands and some\nconcept guides. See 'git help <command>' or 'git help <concept>'\nto read about a specific subcommand or concept.\nSee 'git help git' for an overview of the system.\n""
[0m13:47:23.432677 [debug] [MainThread]: STDERR: "b''"
[0m13:47:23.433541 [info ] [MainThread]:  - git [[32mOK found[0m]

[0m13:47:23.435032 [info ] [MainThread]: Connection:
[0m13:47:23.435796 [info ] [MainThread]:   account: hi34914.ap-southeast-7.aws
[0m13:47:23.436450 [info ] [MainThread]:   user: rathna
[0m13:47:23.437094 [info ] [MainThread]:   database: HR
[0m13:47:23.437745 [info ] [MainThread]:   warehouse: COMPUTE_WH
[0m13:47:23.438386 [info ] [MainThread]:   role: ACCOUNTADMIN
[0m13:47:23.439026 [info ] [MainThread]:   schema: DBT_Surya
[0m13:47:23.439665 [info ] [MainThread]:   authenticator: None
[0m13:47:23.440323 [info ] [MainThread]:   oauth_client_id: None
[0m13:47:23.441000 [info ] [MainThread]:   query_tag: None
[0m13:47:23.443706 [info ] [MainThread]:   client_session_keep_alive: False
[0m13:47:23.446031 [info ] [MainThread]:   host: None
[0m13:47:23.447313 [info ] [MainThread]:   port: None
[0m13:47:23.448329 [info ] [MainThread]:   proxy_host: None
[0m13:47:23.449530 [info ] [MainThread]:   proxy_port: None
[0m13:47:23.450743 [info ] [MainThread]:   protocol: None
[0m13:47:23.451814 [info ] [MainThread]:   connect_retries: 1
[0m13:47:23.452549 [info ] [MainThread]:   connect_timeout: None
[0m13:47:23.453329 [info ] [MainThread]:   retry_on_database_errors: False
[0m13:47:23.454123 [info ] [MainThread]:   retry_all: False
[0m13:47:23.455150 [info ] [MainThread]:   insecure_mode: False
[0m13:47:23.455901 [info ] [MainThread]:   reuse_connections: True
[0m13:47:23.456665 [info ] [MainThread]:   s3_stage_vpce_dns_name: None
[0m13:47:23.457349 [info ] [MainThread]:   workload_identity_provider: None
[0m13:47:23.458164 [info ] [MainThread]:   workload_identity_entra_resource: None
[0m13:47:23.459269 [info ] [MainThread]:   platform_detection_timeout_seconds: 0.0
[0m13:47:23.460522 [info ] [MainThread]: Registered adapter: snowflake=1.12.0
[0m13:47:24.146475 [debug] [MainThread]: Acquiring new snowflake connection 'debug'
[0m13:47:24.150720 [debug] [MainThread]: Using snowflake connection "debug"
[0m13:47:24.151328 [debug] [MainThread]: On debug: select 1 as id
[0m13:47:24.151815 [debug] [MainThread]: Opening a new connection, currently in state init
[0m13:47:25.399558 [debug] [MainThread]: Snowflake adapter: Error running SQL: select 1 as id
[0m13:47:25.400048 [debug] [MainThread]: Snowflake adapter: Rolling back transaction.
[0m13:47:25.400525 [info ] [MainThread]:   Connection test: [[31mERROR[0m]

[0m13:47:25.401251 [info ] [MainThread]: [31m2 checks failed:[0m
[0m13:47:25.401881 [info ] [MainThread]: Project loading failed for the following reason:
 project path <C:\Users\DELL\IFFoffshore\dbt_project.yml> not found

[0m13:47:25.402533 [info ] [MainThread]: dbt was unable to connect to the specified database.
The database returned the following error:

  >Database Error
  390100 (28000): Failed to connect to DB: hi34914.ap-southeast-7.aws.snowflakecomputing.com:443. Incorrect username or password was specified. [c33baab4-98fd-4e76-bb41-ed3c78b7d846]

Check your database credentials and try again. For more information, visit:
https://docs.getdbt.com/docs/configure-your-profile


[0m13:47:25.404196 [debug] [MainThread]: Command `dbt debug` failed at 13:47:25.403961 after 3.77 seconds
[0m13:47:25.404787 [debug] [MainThread]: Connection 'debug' was left open.
[0m13:47:25.405324 [debug] [MainThread]: On debug: No close available on handle
[0m13:47:25.405883 [debug] [MainThread]: Sending event: {'category': 'dbt', 'action': 'invocation', 'label': 'end', 'context': [<snowplow_tracker.self_describing_json.SelfDescribingJson object at 0x000001C958DE9940>, <snowplow_tracker.self_describing_json.SelfDescribingJson object at 0x000001C9598C9910>, <snowplow_tracker.self_describing_json.SelfDescribingJson object at 0x000001C959869F20>]}
[0m13:47:25.406521 [debug] [MainThread]: Flushing usage events
[0m13:47:26.998045 [debug] [MainThread]: An error was encountered while trying to flush usage events
[0m13:48:52.207684 [debug] [MainThread]: Sending event: {'category': 'dbt', 'action': 'invocation', 'label': 'start', 'context': [<snowplow_tracker.self_describing_json.SelfDescribingJson object at 0x000002BC8892A660>, <snowplow_tracker.self_describing_json.SelfDescribingJson object at 0x000002BC8B0DBED0>, <snowplow_tracker.self_describing_json.SelfDescribingJson object at 0x000002BC8B0DBB10>]}


============================== 13:48:52.216584 | 4b94bd14-39ee-467b-ba16-44d6cf317837 ==============================
[0m13:48:52.216584 [info ] [MainThread]: Running with dbt=1.12.3
[0m13:48:52.217599 [debug] [MainThread]: running dbt with arguments {'static_parser': 'True', 'no_print': 'None', 'maximum_seed_size_mib': '1', 'target_path': 'None', 'warn_error_options': 'WarnErrorOptionsV2(error=[], warn=[], silence=[])', 'version_check': 'True', 'printer_width': '80', 'write_json': 'True', 'introspect': 'True', 'log_cache_events': 'False', 'empty': 'None', 'cache_selected_only': 'False', 'fail_fast': 'False', 'debug': 'False', 'log_format': 'default', 'profiles_dir': 'C:\\Users\\DELL\\.dbt', 'send_anonymous_usage_stats': 'True', 'quiet': 'False', 'warn_error': 'None', 'partial_parse': 'True', 'invocation_command': 'dbt debug', 'hints_enabled': 'True', 'use_colors': 'True', 'use_experimental_parser': 'False', 'indirect_selection': 'eager', 'log_path': 'logs'}
[0m13:48:52.252594 [info ] [MainThread]: dbt version: 1.12.3
[0m13:48:52.253362 [info ] [MainThread]: python version: 3.13.15
[0m13:48:52.254101 [info ] [MainThread]: python path: C:\Users\DELL\IFFoffshore\venv\Scripts\python.exe
[0m13:48:52.255116 [info ] [MainThread]: os info: Windows-11-10.0.26200-SP0
[0m13:48:53.292245 [debug] [MainThread]: Snowflake adapter: Setting snowflake.connector to ERROR (file logging only)
[0m13:48:53.293271 [debug] [MainThread]: Snowflake adapter: Setting botocore to ERROR (file logging only)
[0m13:48:53.294080 [debug] [MainThread]: Snowflake adapter: Setting boto3 to ERROR (file logging only)
[0m13:48:53.585210 [info ] [MainThread]: Using profiles dir at C:\Users\DELL\.dbt
[0m13:48:53.585981 [info ] [MainThread]: Using profiles.yml file at C:\Users\DELL\.dbt\profiles.yml
[0m13:48:53.586618 [info ] [MainThread]: Using dbt_project.yml file at C:\Users\DELL\IFFoffshore\dbt_project.yml
[0m13:48:53.588138 [info ] [MainThread]: adapter type: snowflake
[0m13:48:53.588688 [info ] [MainThread]: adapter version: 1.12.0
[0m13:48:53.589277 [info ] [MainThread]: Configuration:
[0m13:48:53.589803 [info ] [MainThread]:   profiles.yml file [[32mOK found and valid[0m]
[0m13:48:53.590424 [info ] [MainThread]:   dbt_project.yml file [[31mERROR not found[0m]
[0m13:48:53.591034 [info ] [MainThread]: Required dependencies:
[0m13:48:53.591662 [debug] [MainThread]: Executing "git --help"
[0m13:48:53.667828 [debug] [MainThread]: STDOUT: "b"usage: git [-v | --version] [-h | --help] [-C <path>] [-c <name>=<value>]\n           [--exec-path[=<path>]] [--html-path] [--man-path] [--info-path]\n           [-p | --paginate | -P | --no-pager] [--no-replace-objects] [--no-lazy-fetch]\n           [--no-optional-locks] [--no-advice] [--bare] [--git-dir=<path>]\n           [--work-tree=<path>] [--namespace=<name>] [--config-env=<name>=<envvar>]\n           <command> [<args>]\n\nThese are common Git commands used in various situations:\n\nstart a working area (see also: git help tutorial)\n   clone      Clone a repository into a new directory\n   init       Create an empty Git repository or reinitialize an existing one\n\nwork on the current change (see also: git help everyday)\n   add        Add file contents to the index\n   mv         Move or rename a file, a directory, or a symlink\n   restore    Restore working tree files\n   rm         Remove files from the working tree and from the index\n\nexamine the history and state (see also: git help revisions)\n   bisect     Use binary search to find the commit that introduced a bug\n   diff       Show changes between commits, commit and working tree, etc\n   grep       Print lines matching a pattern\n   log        Show commit logs\n   show       Show various types of objects\n   status     Show the working tree status\n\ngrow, mark and tweak your common history\n   backfill   Download missing objects in a partial clone\n   branch     List, create, or delete branches\n   commit     Record changes to the repository\n   history    EXPERIMENTAL: Rewrite history\n   merge      Join two or more development histories together\n   rebase     Reapply commits on top of another base tip\n   reset      Set `HEAD` or the index to a known state\n   switch     Switch branches\n   tag        Create, list, delete or verify tags\n\ncollaborate (see also: git help workflows)\n   fetch      Download objects and refs from another repository\n   pull       Fetch from and integrate with another repository or a local branch\n   push       Update remote refs along with associated objects\n\n'git help -a' and 'git help -g' list available subcommands and some\nconcept guides. See 'git help <command>' or 'git help <concept>'\nto read about a specific subcommand or concept.\nSee 'git help git' for an overview of the system.\n""
[0m13:48:53.668600 [debug] [MainThread]: STDERR: "b''"
[0m13:48:53.669278 [info ] [MainThread]:  - git [[32mOK found[0m]

[0m13:48:53.670417 [info ] [MainThread]: Connection:
[0m13:48:53.671492 [info ] [MainThread]:   account: hi34914.ap-southeast-7.aws
[0m13:48:53.672184 [info ] [MainThread]:   user: rathna
[0m13:48:53.672795 [info ] [MainThread]:   database: HR
[0m13:48:53.673379 [info ] [MainThread]:   warehouse: COMPUTE_WH
[0m13:48:53.673975 [info ] [MainThread]:   role: ACCOUNTADMIN
[0m13:48:53.674557 [info ] [MainThread]:   schema: DBT_Surya
[0m13:48:53.676297 [info ] [MainThread]:   authenticator: None
[0m13:48:53.677978 [info ] [MainThread]:   oauth_client_id: None
[0m13:48:53.678777 [info ] [MainThread]:   query_tag: None
[0m13:48:53.679495 [info ] [MainThread]:   client_session_keep_alive: False
[0m13:48:53.680104 [info ] [MainThread]:   host: None
[0m13:48:53.680687 [info ] [MainThread]:   port: None
[0m13:48:53.681286 [info ] [MainThread]:   proxy_host: None
[0m13:48:53.682051 [info ] [MainThread]:   proxy_port: None
[0m13:48:53.683018 [info ] [MainThread]:   protocol: None
[0m13:48:53.683881 [info ] [MainThread]:   connect_retries: 1
[0m13:48:53.684537 [info ] [MainThread]:   connect_timeout: None
[0m13:48:53.685314 [info ] [MainThread]:   retry_on_database_errors: False
[0m13:48:53.686214 [info ] [MainThread]:   retry_all: False
[0m13:48:53.687697 [info ] [MainThread]:   insecure_mode: False
[0m13:48:53.688484 [info ] [MainThread]:   reuse_connections: True
[0m13:48:53.689172 [info ] [MainThread]:   s3_stage_vpce_dns_name: None
[0m13:48:53.689824 [info ] [MainThread]:   workload_identity_provider: None
[0m13:48:53.690416 [info ] [MainThread]:   workload_identity_entra_resource: None
[0m13:48:53.690995 [info ] [MainThread]:   platform_detection_timeout_seconds: 0.0
[0m13:48:53.691843 [info ] [MainThread]: Registered adapter: snowflake=1.12.0
[0m13:48:54.409048 [debug] [MainThread]: Acquiring new snowflake connection 'debug'
[0m13:48:54.416291 [debug] [MainThread]: Using snowflake connection "debug"
[0m13:48:54.417377 [debug] [MainThread]: On debug: select 1 as id
[0m13:48:54.418210 [debug] [MainThread]: Opening a new connection, currently in state init
[0m13:48:55.392151 [debug] [MainThread]: Snowflake adapter: Error running SQL: select 1 as id
[0m13:48:55.393770 [debug] [MainThread]: Snowflake adapter: Rolling back transaction.
[0m13:48:55.395211 [info ] [MainThread]:   Connection test: [[31mERROR[0m]

[0m13:48:55.397173 [info ] [MainThread]: [31m2 checks failed:[0m
[0m13:48:55.399045 [info ] [MainThread]: Project loading failed for the following reason:
 project path <C:\Users\DELL\IFFoffshore\dbt_project.yml> not found

[0m13:48:55.400873 [info ] [MainThread]: dbt was unable to connect to the specified database.
The database returned the following error:

  >Database Error
  390100 (28000): Failed to connect to DB: hi34914.ap-southeast-7.aws.snowflakecomputing.com:443. Incorrect username or password was specified. [d168b5f9-b5a6-4c3b-b9ab-b42ed6132eef]

Check your database credentials and try again. For more information, visit:
https://docs.getdbt.com/docs/configure-your-profile


[0m13:48:55.404838 [debug] [MainThread]: Command `dbt debug` failed at 13:48:55.404312 after 3.45 seconds
[0m13:48:55.406285 [debug] [MainThread]: Connection 'debug' was left open.
[0m13:48:55.407625 [debug] [MainThread]: On debug: No close available on handle
[0m13:48:55.410557 [debug] [MainThread]: Sending event: {'category': 'dbt', 'action': 'invocation', 'label': 'end', 'context': [<snowplow_tracker.self_describing_json.SelfDescribingJson object at 0x000002BC8BF09940>, <snowplow_tracker.self_describing_json.SelfDescribingJson object at 0x000002BC8C9FD910>, <snowplow_tracker.self_describing_json.SelfDescribingJson object at 0x000002BC8C999F20>]}
[0m13:48:55.413237 [debug] [MainThread]: Flushing usage events
[0m13:48:57.656717 [debug] [MainThread]: An error was encountered while trying to flush usage events
[0m13:49:34.699973 [debug] [MainThread]: Sending event: {'category': 'dbt', 'action': 'invocation', 'label': 'start', 'context': [<snowplow_tracker.self_describing_json.SelfDescribingJson object at 0x000002405DCBA660>, <snowplow_tracker.self_describing_json.SelfDescribingJson object at 0x000002406047BED0>, <snowplow_tracker.self_describing_json.SelfDescribingJson object at 0x000002406047BB10>]}


============================== 13:49:34.707600 | c6c3d7ad-d77d-4aae-ab04-ffaf354a2205 ==============================
[0m13:49:34.707600 [info ] [MainThread]: Running with dbt=1.12.3
[0m13:49:34.709024 [debug] [MainThread]: running dbt with arguments {'maximum_seed_size_mib': '1', 'no_print': 'None', 'version_check': 'True', 'target_path': 'None', 'warn_error_options': 'WarnErrorOptionsV2(error=[], warn=[], silence=[])', 'static_parser': 'True', 'printer_width': '80', 'write_json': 'True', 'introspect': 'True', 'log_cache_events': 'False', 'empty': 'None', 'cache_selected_only': 'False', 'fail_fast': 'False', 'debug': 'False', 'log_format': 'default', 'profiles_dir': 'C:\\Users\\DELL\\.dbt', 'send_anonymous_usage_stats': 'True', 'quiet': 'False', 'warn_error': 'None', 'partial_parse': 'True', 'indirect_selection': 'eager', 'hints_enabled': 'True', 'invocation_command': 'dbt debug', 'use_experimental_parser': 'False', 'use_colors': 'True', 'log_path': 'logs'}
[0m13:49:34.750537 [info ] [MainThread]: dbt version: 1.12.3
[0m13:49:34.751506 [info ] [MainThread]: python version: 3.13.15
[0m13:49:34.752456 [info ] [MainThread]: python path: C:\Users\DELL\IFFoffshore\venv\Scripts\python.exe
[0m13:49:34.753626 [info ] [MainThread]: os info: Windows-11-10.0.26200-SP0
[0m13:49:35.782797 [debug] [MainThread]: Snowflake adapter: Setting snowflake.connector to ERROR (file logging only)
[0m13:49:35.783941 [debug] [MainThread]: Snowflake adapter: Setting botocore to ERROR (file logging only)
[0m13:49:35.784747 [debug] [MainThread]: Snowflake adapter: Setting boto3 to ERROR (file logging only)
[0m13:49:36.135478 [info ] [MainThread]: Using profiles dir at C:\Users\DELL\.dbt
[0m13:49:36.136552 [info ] [MainThread]: Using profiles.yml file at C:\Users\DELL\.dbt\profiles.yml
[0m13:49:36.137511 [info ] [MainThread]: Using dbt_project.yml file at C:\Users\DELL\IFFoffshore\dbt_project.yml
[0m13:49:36.139799 [info ] [MainThread]: adapter type: snowflake
[0m13:49:36.140727 [info ] [MainThread]: adapter version: 1.12.0
[0m13:49:36.141892 [info ] [MainThread]: Configuration:
[0m13:49:36.144674 [info ] [MainThread]:   profiles.yml file [[32mOK found and valid[0m]
[0m13:49:36.146628 [info ] [MainThread]:   dbt_project.yml file [[31mERROR not found[0m]
[0m13:49:36.148219 [info ] [MainThread]: Required dependencies:
[0m13:49:36.149305 [debug] [MainThread]: Executing "git --help"
[0m13:49:36.243883 [debug] [MainThread]: STDOUT: "b"usage: git [-v | --version] [-h | --help] [-C <path>] [-c <name>=<value>]\n           [--exec-path[=<path>]] [--html-path] [--man-path] [--info-path]\n           [-p | --paginate | -P | --no-pager] [--no-replace-objects] [--no-lazy-fetch]\n           [--no-optional-locks] [--no-advice] [--bare] [--git-dir=<path>]\n           [--work-tree=<path>] [--namespace=<name>] [--config-env=<name>=<envvar>]\n           <command> [<args>]\n\nThese are common Git commands used in various situations:\n\nstart a working area (see also: git help tutorial)\n   clone      Clone a repository into a new directory\n   init       Create an empty Git repository or reinitialize an existing one\n\nwork on the current change (see also: git help everyday)\n   add        Add file contents to the index\n   mv         Move or rename a file, a directory, or a symlink\n   restore    Restore working tree files\n   rm         Remove files from the working tree and from the index\n\nexamine the history and state (see also: git help revisions)\n   bisect     Use binary search to find the commit that introduced a bug\n   diff       Show changes between commits, commit and working tree, etc\n   grep       Print lines matching a pattern\n   log        Show commit logs\n   show       Show various types of objects\n   status     Show the working tree status\n\ngrow, mark and tweak your common history\n   backfill   Download missing objects in a partial clone\n   branch     List, create, or delete branches\n   commit     Record changes to the repository\n   history    EXPERIMENTAL: Rewrite history\n   merge      Join two or more development histories together\n   rebase     Reapply commits on top of another base tip\n   reset      Set `HEAD` or the index to a known state\n   switch     Switch branches\n   tag        Create, list, delete or verify tags\n\ncollaborate (see also: git help workflows)\n   fetch      Download objects and refs from another repository\n   pull       Fetch from and integrate with another repository or a local branch\n   push       Update remote refs along with associated objects\n\n'git help -a' and 'git help -g' list available subcommands and some\nconcept guides. See 'git help <command>' or 'git help <concept>'\nto read about a specific subcommand or concept.\nSee 'git help git' for an overview of the system.\n""
[0m13:49:36.245159 [debug] [MainThread]: STDERR: "b''"
[0m13:49:36.246190 [info ] [MainThread]:  - git [[32mOK found[0m]

[0m13:49:36.247149 [info ] [MainThread]: Connection:
[0m13:49:36.248124 [info ] [MainThread]:   account: hi34914.ap-southeast-7.aws
[0m13:49:36.249047 [info ] [MainThread]:   user: rathna
[0m13:49:36.250061 [info ] [MainThread]:   database: HR
[0m13:49:36.250942 [info ] [MainThread]:   warehouse: COMPUTE_WH
[0m13:49:36.251955 [info ] [MainThread]:   role: ACCOUNTADMIN
[0m13:49:36.252989 [info ] [MainThread]:   schema: DBT_Surya
[0m13:49:36.254183 [info ] [MainThread]:   authenticator: None
[0m13:49:36.255108 [info ] [MainThread]:   oauth_client_id: None
[0m13:49:36.256049 [info ] [MainThread]:   query_tag: None
[0m13:49:36.256965 [info ] [MainThread]:   client_session_keep_alive: False
[0m13:49:36.258073 [info ] [MainThread]:   host: None
[0m13:49:36.259555 [info ] [MainThread]:   port: None
[0m13:49:36.260992 [info ] [MainThread]:   proxy_host: None
[0m13:49:36.262524 [info ] [MainThread]:   proxy_port: None
[0m13:49:36.263819 [info ] [MainThread]:   protocol: None
[0m13:49:36.264828 [info ] [MainThread]:   connect_retries: 1
[0m13:49:36.265992 [info ] [MainThread]:   connect_timeout: None
[0m13:49:36.267848 [info ] [MainThread]:   retry_on_database_errors: False
[0m13:49:36.271104 [info ] [MainThread]:   retry_all: False
[0m13:49:36.272383 [info ] [MainThread]:   insecure_mode: False
[0m13:49:36.273562 [info ] [MainThread]:   reuse_connections: True
[0m13:49:36.274572 [info ] [MainThread]:   s3_stage_vpce_dns_name: None
[0m13:49:36.275478 [info ] [MainThread]:   workload_identity_provider: None
[0m13:49:36.279378 [info ] [MainThread]:   workload_identity_entra_resource: None
[0m13:49:36.281283 [info ] [MainThread]:   platform_detection_timeout_seconds: 0.0
[0m13:49:36.283428 [info ] [MainThread]: Registered adapter: snowflake=1.12.0
[0m13:49:36.933733 [debug] [MainThread]: Acquiring new snowflake connection 'debug'
[0m13:49:36.937359 [debug] [MainThread]: Using snowflake connection "debug"
[0m13:49:36.937867 [debug] [MainThread]: On debug: select 1 as id
[0m13:49:36.938310 [debug] [MainThread]: Opening a new connection, currently in state init
[0m13:49:39.152969 [debug] [MainThread]: SQL status: SUCCESS 1 in 2.214 seconds
[0m13:49:39.156813 [info ] [MainThread]:   Connection test: [[32mOK connection ok[0m]

[0m13:49:39.158723 [info ] [MainThread]: [31m1 check failed:[0m
[0m13:49:39.160343 [info ] [MainThread]: Project loading failed for the following reason:
 project path <C:\Users\DELL\IFFoffshore\dbt_project.yml> not found

[0m13:49:39.164967 [debug] [MainThread]: Command `dbt debug` failed at 13:49:39.164409 after 4.79 seconds
[0m13:49:39.166436 [debug] [MainThread]: Connection 'debug' was left open.
[0m13:49:39.167736 [debug] [MainThread]: On debug: Close
[0m13:49:39.427823 [debug] [MainThread]: Sending event: {'category': 'dbt', 'action': 'invocation', 'label': 'end', 'context': [<snowplow_tracker.self_describing_json.SelfDescribingJson object at 0x00000240612E9940>, <snowplow_tracker.self_describing_json.SelfDescribingJson object at 0x0000024061DDDB50>, <snowplow_tracker.self_describing_json.SelfDescribingJson object at 0x0000024061D7A470>]}
[0m13:49:39.429943 [debug] [MainThread]: Flushing usage events
[0m13:49:41.366173 [debug] [MainThread]: An error was encountered while trying to flush usage events
[0m13:52:17.170170 [debug] [MainThread]: Sending event: {'category': 'dbt', 'action': 'invocation', 'label': 'start', 'context': [<snowplow_tracker.self_describing_json.SelfDescribingJson object at 0x000001966D6CA660>, <snowplow_tracker.self_describing_json.SelfDescribingJson object at 0x000001966FE93ED0>, <snowplow_tracker.self_describing_json.SelfDescribingJson object at 0x000001966FE93B10>]}


============================== 13:52:17.178166 | 9ddc5502-da73-41bb-bbec-e6f756ce49d8 ==============================
[0m13:52:17.178166 [info ] [MainThread]: Running with dbt=1.12.3
[0m13:52:17.180183 [debug] [MainThread]: running dbt with arguments {'maximum_seed_size_mib': '1', 'no_print': 'None', 'version_check': 'True', 'warn_error_options': 'WarnErrorOptionsV2(error=[], warn=[], silence=[])', 'target_path': 'None', 'static_parser': 'True', 'printer_width': '80', 'write_json': 'True', 'introspect': 'True', 'log_cache_events': 'False', 'empty': 'None', 'cache_selected_only': 'False', 'fail_fast': 'False', 'debug': 'False', 'log_format': 'default', 'profiles_dir': 'C:\\Users\\DELL\\.dbt', 'send_anonymous_usage_stats': 'True', 'quiet': 'False', 'warn_error': 'None', 'partial_parse': 'True', 'invocation_command': 'dbt debug', 'hints_enabled': 'True', 'use_colors': 'True', 'use_experimental_parser': 'False', 'indirect_selection': 'eager', 'log_path': 'logs'}
[0m13:52:17.227924 [info ] [MainThread]: dbt version: 1.12.3
[0m13:52:17.229061 [info ] [MainThread]: python version: 3.13.15
[0m13:52:17.230191 [info ] [MainThread]: python path: C:\Users\DELL\IFFoffshore\venv\Scripts\python.exe
[0m13:52:17.230975 [info ] [MainThread]: os info: Windows-11-10.0.26200-SP0
[0m13:52:18.156229 [debug] [MainThread]: Snowflake adapter: Setting snowflake.connector to ERROR (file logging only)
[0m13:52:18.157203 [debug] [MainThread]: Snowflake adapter: Setting botocore to ERROR (file logging only)
[0m13:52:18.157843 [debug] [MainThread]: Snowflake adapter: Setting boto3 to ERROR (file logging only)
[0m13:52:18.373233 [info ] [MainThread]: Using profiles dir at C:\Users\DELL\.dbt
[0m13:52:18.374393 [info ] [MainThread]: Using profiles.yml file at C:\Users\DELL\.dbt\profiles.yml
[0m13:52:18.375449 [info ] [MainThread]: Using dbt_project.yml file at C:\Users\DELL\IFFoffshore\dbt_project.yml
[0m13:52:18.378735 [info ] [MainThread]: adapter type: snowflake
[0m13:52:18.379781 [info ] [MainThread]: adapter version: 1.12.0
[0m13:52:18.380680 [info ] [MainThread]: Configuration:
[0m13:52:18.381666 [info ] [MainThread]:   profiles.yml file [[32mOK found and valid[0m]
[0m13:52:18.382453 [info ] [MainThread]:   dbt_project.yml file [[31mERROR not found[0m]
[0m13:52:18.383177 [info ] [MainThread]: Required dependencies:
[0m13:52:18.383915 [debug] [MainThread]: Executing "git --help"
[0m13:52:18.485627 [debug] [MainThread]: STDOUT: "b"usage: git [-v | --version] [-h | --help] [-C <path>] [-c <name>=<value>]\n           [--exec-path[=<path>]] [--html-path] [--man-path] [--info-path]\n           [-p | --paginate | -P | --no-pager] [--no-replace-objects] [--no-lazy-fetch]\n           [--no-optional-locks] [--no-advice] [--bare] [--git-dir=<path>]\n           [--work-tree=<path>] [--namespace=<name>] [--config-env=<name>=<envvar>]\n           <command> [<args>]\n\nThese are common Git commands used in various situations:\n\nstart a working area (see also: git help tutorial)\n   clone      Clone a repository into a new directory\n   init       Create an empty Git repository or reinitialize an existing one\n\nwork on the current change (see also: git help everyday)\n   add        Add file contents to the index\n   mv         Move or rename a file, a directory, or a symlink\n   restore    Restore working tree files\n   rm         Remove files from the working tree and from the index\n\nexamine the history and state (see also: git help revisions)\n   bisect     Use binary search to find the commit that introduced a bug\n   diff       Show changes between commits, commit and working tree, etc\n   grep       Print lines matching a pattern\n   log        Show commit logs\n   show       Show various types of objects\n   status     Show the working tree status\n\ngrow, mark and tweak your common history\n   backfill   Download missing objects in a partial clone\n   branch     List, create, or delete branches\n   commit     Record changes to the repository\n   history    EXPERIMENTAL: Rewrite history\n   merge      Join two or more development histories together\n   rebase     Reapply commits on top of another base tip\n   reset      Set `HEAD` or the index to a known state\n   switch     Switch branches\n   tag        Create, list, delete or verify tags\n\ncollaborate (see also: git help workflows)\n   fetch      Download objects and refs from another repository\n   pull       Fetch from and integrate with another repository or a local branch\n   push       Update remote refs along with associated objects\n\n'git help -a' and 'git help -g' list available subcommands and some\nconcept guides. See 'git help <command>' or 'git help <concept>'\nto read about a specific subcommand or concept.\nSee 'git help git' for an overview of the system.\n""
[0m13:52:18.486302 [debug] [MainThread]: STDERR: "b''"
[0m13:52:18.486890 [info ] [MainThread]:  - git [[32mOK found[0m]

[0m13:52:18.487689 [info ] [MainThread]: Connection:
[0m13:52:18.488742 [info ] [MainThread]:   account: hi34914.ap-southeast-7.aws
[0m13:52:18.490295 [info ] [MainThread]:   user: rathna
[0m13:52:18.491607 [info ] [MainThread]:   database: HR
[0m13:52:18.493260 [info ] [MainThread]:   warehouse: COMPUTE_WH
[0m13:52:18.495134 [info ] [MainThread]:   role: ACCOUNTADMIN
[0m13:52:18.496286 [info ] [MainThread]:   schema: DBT_Surya
[0m13:52:18.497216 [info ] [MainThread]:   authenticator: None
[0m13:52:18.497909 [info ] [MainThread]:   oauth_client_id: None
[0m13:52:18.498583 [info ] [MainThread]:   query_tag: None
[0m13:52:18.499203 [info ] [MainThread]:   client_session_keep_alive: False
[0m13:52:18.499730 [info ] [MainThread]:   host: None
[0m13:52:18.500473 [info ] [MainThread]:   port: None
[0m13:52:18.501145 [info ] [MainThread]:   proxy_host: None
[0m13:52:18.501793 [info ] [MainThread]:   proxy_port: None
[0m13:52:18.502452 [info ] [MainThread]:   protocol: None
[0m13:52:18.503236 [info ] [MainThread]:   connect_retries: 1
[0m13:52:18.504045 [info ] [MainThread]:   connect_timeout: None
[0m13:52:18.504668 [info ] [MainThread]:   retry_on_database_errors: False
[0m13:52:18.505413 [info ] [MainThread]:   retry_all: False
[0m13:52:18.506257 [info ] [MainThread]:   insecure_mode: False
[0m13:52:18.507136 [info ] [MainThread]:   reuse_connections: True
[0m13:52:18.507927 [info ] [MainThread]:   s3_stage_vpce_dns_name: None
[0m13:52:18.508854 [info ] [MainThread]:   workload_identity_provider: None
[0m13:52:18.511069 [info ] [MainThread]:   workload_identity_entra_resource: None
[0m13:52:18.513350 [info ] [MainThread]:   platform_detection_timeout_seconds: 0.0
[0m13:52:18.517556 [info ] [MainThread]: Registered adapter: snowflake=1.12.0
[0m13:52:19.118545 [debug] [MainThread]: Acquiring new snowflake connection 'debug'
[0m13:52:19.123335 [debug] [MainThread]: Using snowflake connection "debug"
[0m13:52:19.123773 [debug] [MainThread]: On debug: select 1 as id
[0m13:52:19.124134 [debug] [MainThread]: Opening a new connection, currently in state init
[0m13:52:20.276677 [debug] [MainThread]: SQL status: SUCCESS 1 in 1.152 seconds
[0m13:52:20.278344 [info ] [MainThread]:   Connection test: [[32mOK connection ok[0m]

[0m13:52:20.279258 [info ] [MainThread]: [31m1 check failed:[0m
[0m13:52:20.279958 [info ] [MainThread]: Project loading failed for the following reason:
 project path <C:\Users\DELL\IFFoffshore\dbt_project.yml> not found

[0m13:52:20.281901 [debug] [MainThread]: Command `dbt debug` failed at 13:52:20.281640 after 3.35 seconds
[0m13:52:20.282436 [debug] [MainThread]: Connection 'debug' was left open.
[0m13:52:20.282944 [debug] [MainThread]: On debug: Close
[0m13:52:20.449721 [debug] [MainThread]: Sending event: {'category': 'dbt', 'action': 'invocation', 'label': 'end', 'context': [<snowplow_tracker.self_describing_json.SelfDescribingJson object at 0x0000019670C99940>, <snowplow_tracker.self_describing_json.SelfDescribingJson object at 0x000001967177DB50>, <snowplow_tracker.self_describing_json.SelfDescribingJson object at 0x000001967171A470>]}
[0m13:52:20.451078 [debug] [MainThread]: Flushing usage events
[0m13:52:21.899736 [debug] [MainThread]: An error was encountered while trying to flush usage events
